Archive member included because of file (symbol)

/Users/ben/pebble-dev/PebbleSDK-2.0-BETA4/Pebble/lib/libpebble.a(tmp9Q2g01pebble.o)
                              src/weather.c.7.o (app_event_loop)
/Users/ben/pebble-dev/arm-cs-tools/bin/../lib/gcc/arm-none-eabi/4.6.3/thumb2/libgcc.a(_arm_addsubdf3.o)
                              src/weather.c.7.o (__aeabi_i2d)
/Users/ben/pebble-dev/arm-cs-tools/bin/../lib/gcc/arm-none-eabi/4.6.3/thumb2/libgcc.a(_arm_muldivdf3.o)
                              src/weather.c.7.o (__aeabi_dmul)
/Users/ben/pebble-dev/arm-cs-tools/bin/../lib/gcc/arm-none-eabi/4.6.3/thumb2/libgcc.a(_arm_fixdfsi.o)
                              src/weather.c.7.o (__aeabi_d2iz)

Allocating common symbols
Common symbol       size              file

timeArr             0x10              src/weather.c.7.o
heightArr           0x10              src/weather.c.7.o

Discarded input sections

 .text          0x0000000000000000        0x0 /Users/ben/pebble-dev/arm-cs-tools/bin/../lib/gcc/arm-none-eabi/4.6.3/thumb2/crti.o
 .bss           0x0000000000000000        0x0 /Users/ben/pebble-dev/arm-cs-tools/bin/../lib/gcc/arm-none-eabi/4.6.3/thumb2/crti.o
 .init          0x0000000000000000        0x4 /Users/ben/pebble-dev/arm-cs-tools/bin/../lib/gcc/arm-none-eabi/4.6.3/thumb2/crti.o
 .fini          0x0000000000000000        0x4 /Users/ben/pebble-dev/arm-cs-tools/bin/../lib/gcc/arm-none-eabi/4.6.3/thumb2/crti.o
 .text          0x0000000000000000       0x68 /Users/ben/pebble-dev/arm-cs-tools/bin/../lib/gcc/arm-none-eabi/4.6.3/thumb2/crtbegin.o
 .bss           0x0000000000000000       0x1c /Users/ben/pebble-dev/arm-cs-tools/bin/../lib/gcc/arm-none-eabi/4.6.3/thumb2/crtbegin.o
 .init_array    0x0000000000000000        0x4 /Users/ben/pebble-dev/arm-cs-tools/bin/../lib/gcc/arm-none-eabi/4.6.3/thumb2/crtbegin.o
 .fini_array    0x0000000000000000        0x4 /Users/ben/pebble-dev/arm-cs-tools/bin/../lib/gcc/arm-none-eabi/4.6.3/thumb2/crtbegin.o
 .eh_frame      0x0000000000000000        0x0 /Users/ben/pebble-dev/arm-cs-tools/bin/../lib/gcc/arm-none-eabi/4.6.3/thumb2/crtbegin.o
 .jcr           0x0000000000000000        0x0 /Users/ben/pebble-dev/arm-cs-tools/bin/../lib/gcc/arm-none-eabi/4.6.3/thumb2/crtbegin.o
 .text          0x0000000000000000        0x0 src/weather.c.7.o
 .bss           0x0000000000000000        0x0 src/weather.c.7.o
 .rodata.SYNC_BUFFER_SIZE
                0x0000000000000000        0x1 src/weather.c.7.o
 .rodata.FEET_TO_MM
                0x0000000000000000        0x4 src/weather.c.7.o
 .rodata.TIDE_ARRAY_SIZE
                0x0000000000000000        0x1 src/weather.c.7.o
 .text          0x0000000000000000        0x0 appinfo.auto.c.7.o
 .bss           0x0000000000000000        0x0 appinfo.auto.c.7.o
 .bss           0x0000000000000000        0x0 /Users/ben/pebble-dev/PebbleSDK-2.0-BETA4/Pebble/lib/libpebble.a(tmp9Q2g01pebble.o)
 .text.accel_data_service_subscribe__deprecated
                0x0000000000000000        0xc /Users/ben/pebble-dev/PebbleSDK-2.0-BETA4/Pebble/lib/libpebble.a(tmp9Q2g01pebble.o)
 .text.accel_data_service_unsubscribe
                0x0000000000000000        0xc /Users/ben/pebble-dev/PebbleSDK-2.0-BETA4/Pebble/lib/libpebble.a(tmp9Q2g01pebble.o)
 .text.accel_service_peek
                0x0000000000000000        0xc /Users/ben/pebble-dev/PebbleSDK-2.0-BETA4/Pebble/lib/libpebble.a(tmp9Q2g01pebble.o)
 .text.accel_service_set_samples_per_update
                0x0000000000000000        0xc /Users/ben/pebble-dev/PebbleSDK-2.0-BETA4/Pebble/lib/libpebble.a(tmp9Q2g01pebble.o)
 .text.accel_service_set_sampling_rate
                0x0000000000000000        0xc /Users/ben/pebble-dev/PebbleSDK-2.0-BETA4/Pebble/lib/libpebble.a(tmp9Q2g01pebble.o)
 .text.accel_tap_service_subscribe
                0x0000000000000000        0xc /Users/ben/pebble-dev/PebbleSDK-2.0-BETA4/Pebble/lib/libpebble.a(tmp9Q2g01pebble.o)
 .text.accel_tap_service_unsubscribe
                0x0000000000000000        0xc /Users/ben/pebble-dev/PebbleSDK-2.0-BETA4/Pebble/lib/libpebble.a(tmp9Q2g01pebble.o)
 .text.action_bar_layer_add_to_window
                0x0000000000000000        0xc /Users/ben/pebble-dev/PebbleSDK-2.0-BETA4/Pebble/lib/libpebble.a(tmp9Q2g01pebble.o)
 .text.action_bar_layer_clear_icon
                0x0000000000000000        0xc /Users/ben/pebble-dev/PebbleSDK-2.0-BETA4/Pebble/lib/libpebble.a(tmp9Q2g01pebble.o)
 .text.action_bar_layer_create
                0x0000000000000000        0xc /Users/ben/pebble-dev/PebbleSDK-2.0-BETA4/Pebble/lib/libpebble.a(tmp9Q2g01pebble.o)
 .text.action_bar_layer_destroy
                0x0000000000000000        0xc /Users/ben/pebble-dev/PebbleSDK-2.0-BETA4/Pebble/lib/libpebble.a(tmp9Q2g01pebble.o)
 .text.action_bar_layer_get_layer
                0x0000000000000000        0xc /Users/ben/pebble-dev/PebbleSDK-2.0-BETA4/Pebble/lib/libpebble.a(tmp9Q2g01pebble.o)
 .text.action_bar_layer_remove_from_window
                0x0000000000000000        0xc /Users/ben/pebble-dev/PebbleSDK-2.0-BETA4/Pebble/lib/libpebble.a(tmp9Q2g01pebble.o)
 .text.action_bar_layer_set_background_color
                0x0000000000000000        0xc /Users/ben/pebble-dev/PebbleSDK-2.0-BETA4/Pebble/lib/libpebble.a(tmp9Q2g01pebble.o)
 .text.action_bar_layer_set_click_config_provider
                0x0000000000000000        0xc /Users/ben/pebble-dev/PebbleSDK-2.0-BETA4/Pebble/lib/libpebble.a(tmp9Q2g01pebble.o)
 .text.action_bar_layer_set_context
                0x0000000000000000        0xc /Users/ben/pebble-dev/PebbleSDK-2.0-BETA4/Pebble/lib/libpebble.a(tmp9Q2g01pebble.o)
 .text.action_bar_layer_set_icon
                0x0000000000000000        0xc /Users/ben/pebble-dev/PebbleSDK-2.0-BETA4/Pebble/lib/libpebble.a(tmp9Q2g01pebble.o)
 .text.animation_create
                0x0000000000000000        0xc /Users/ben/pebble-dev/PebbleSDK-2.0-BETA4/Pebble/lib/libpebble.a(tmp9Q2g01pebble.o)
 .text.animation_destroy
                0x0000000000000000        0xc /Users/ben/pebble-dev/PebbleSDK-2.0-BETA4/Pebble/lib/libpebble.a(tmp9Q2g01pebble.o)
 .text.animation_get_context
                0x0000000000000000        0xc /Users/ben/pebble-dev/PebbleSDK-2.0-BETA4/Pebble/lib/libpebble.a(tmp9Q2g01pebble.o)
 .text.animation_is_scheduled
                0x0000000000000000        0xc /Users/ben/pebble-dev/PebbleSDK-2.0-BETA4/Pebble/lib/libpebble.a(tmp9Q2g01pebble.o)
 .text.animation_schedule
                0x0000000000000000        0xc /Users/ben/pebble-dev/PebbleSDK-2.0-BETA4/Pebble/lib/libpebble.a(tmp9Q2g01pebble.o)
 .text.animation_set_curve
                0x0000000000000000        0xc /Users/ben/pebble-dev/PebbleSDK-2.0-BETA4/Pebble/lib/libpebble.a(tmp9Q2g01pebble.o)
 .text.animation_set_delay
                0x0000000000000000        0xc /Users/ben/pebble-dev/PebbleSDK-2.0-BETA4/Pebble/lib/libpebble.a(tmp9Q2g01pebble.o)
 .text.animation_set_duration
                0x0000000000000000        0xc /Users/ben/pebble-dev/PebbleSDK-2.0-BETA4/Pebble/lib/libpebble.a(tmp9Q2g01pebble.o)
 .text.animation_set_handlers
                0x0000000000000000        0xc /Users/ben/pebble-dev/PebbleSDK-2.0-BETA4/Pebble/lib/libpebble.a(tmp9Q2g01pebble.o)
 .text.animation_set_implementation
                0x0000000000000000        0xc /Users/ben/pebble-dev/PebbleSDK-2.0-BETA4/Pebble/lib/libpebble.a(tmp9Q2g01pebble.o)
 .text.animation_unschedule
                0x0000000000000000        0xc /Users/ben/pebble-dev/PebbleSDK-2.0-BETA4/Pebble/lib/libpebble.a(tmp9Q2g01pebble.o)
 .text.animation_unschedule_all
                0x0000000000000000        0xc /Users/ben/pebble-dev/PebbleSDK-2.0-BETA4/Pebble/lib/libpebble.a(tmp9Q2g01pebble.o)
 .text.app_comm_get_sniff_interval
                0x0000000000000000        0xc /Users/ben/pebble-dev/PebbleSDK-2.0-BETA4/Pebble/lib/libpebble.a(tmp9Q2g01pebble.o)
 .text.app_comm_set_sniff_interval
                0x0000000000000000        0xc /Users/ben/pebble-dev/PebbleSDK-2.0-BETA4/Pebble/lib/libpebble.a(tmp9Q2g01pebble.o)
 .text.app_message_deregister_callbacks
                0x0000000000000000        0xc /Users/ben/pebble-dev/PebbleSDK-2.0-BETA4/Pebble/lib/libpebble.a(tmp9Q2g01pebble.o)
 .text.app_sync_get
                0x0000000000000000        0xc /Users/ben/pebble-dev/PebbleSDK-2.0-BETA4/Pebble/lib/libpebble.a(tmp9Q2g01pebble.o)
 .text.app_sync_set
                0x0000000000000000        0xc /Users/ben/pebble-dev/PebbleSDK-2.0-BETA4/Pebble/lib/libpebble.a(tmp9Q2g01pebble.o)
 .text.app_timer_cancel
                0x0000000000000000        0xc /Users/ben/pebble-dev/PebbleSDK-2.0-BETA4/Pebble/lib/libpebble.a(tmp9Q2g01pebble.o)
 .text.app_timer_register
                0x0000000000000000        0xc /Users/ben/pebble-dev/PebbleSDK-2.0-BETA4/Pebble/lib/libpebble.a(tmp9Q2g01pebble.o)
 .text.app_timer_reschedule
                0x0000000000000000        0xc /Users/ben/pebble-dev/PebbleSDK-2.0-BETA4/Pebble/lib/libpebble.a(tmp9Q2g01pebble.o)
 .text.atan2_lookup
                0x0000000000000000        0xc /Users/ben/pebble-dev/PebbleSDK-2.0-BETA4/Pebble/lib/libpebble.a(tmp9Q2g01pebble.o)
 .text.atol     0x0000000000000000        0xc /Users/ben/pebble-dev/PebbleSDK-2.0-BETA4/Pebble/lib/libpebble.a(tmp9Q2g01pebble.o)
 .text.battery_state_service_peek
                0x0000000000000000        0xc /Users/ben/pebble-dev/PebbleSDK-2.0-BETA4/Pebble/lib/libpebble.a(tmp9Q2g01pebble.o)
 .text.battery_state_service_subscribe
                0x0000000000000000        0xc /Users/ben/pebble-dev/PebbleSDK-2.0-BETA4/Pebble/lib/libpebble.a(tmp9Q2g01pebble.o)
 .text.battery_state_service_unsubscribe
                0x0000000000000000        0xc /Users/ben/pebble-dev/PebbleSDK-2.0-BETA4/Pebble/lib/libpebble.a(tmp9Q2g01pebble.o)
 .text.bitmap_layer_set_alignment
                0x0000000000000000        0xc /Users/ben/pebble-dev/PebbleSDK-2.0-BETA4/Pebble/lib/libpebble.a(tmp9Q2g01pebble.o)
 .text.bitmap_layer_set_background_color
                0x0000000000000000        0xc /Users/ben/pebble-dev/PebbleSDK-2.0-BETA4/Pebble/lib/libpebble.a(tmp9Q2g01pebble.o)
 .text.bitmap_layer_set_bitmap
                0x0000000000000000        0xc /Users/ben/pebble-dev/PebbleSDK-2.0-BETA4/Pebble/lib/libpebble.a(tmp9Q2g01pebble.o)
 .text.bitmap_layer_set_compositing_mode
                0x0000000000000000        0xc /Users/ben/pebble-dev/PebbleSDK-2.0-BETA4/Pebble/lib/libpebble.a(tmp9Q2g01pebble.o)
 .text.bluetooth_connection_service_peek
                0x0000000000000000        0xc /Users/ben/pebble-dev/PebbleSDK-2.0-BETA4/Pebble/lib/libpebble.a(tmp9Q2g01pebble.o)
 .text.bluetooth_connection_service_subscribe
                0x0000000000000000        0xc /Users/ben/pebble-dev/PebbleSDK-2.0-BETA4/Pebble/lib/libpebble.a(tmp9Q2g01pebble.o)
 .text.bluetooth_connection_service_unsubscribe
                0x0000000000000000        0xc /Users/ben/pebble-dev/PebbleSDK-2.0-BETA4/Pebble/lib/libpebble.a(tmp9Q2g01pebble.o)
 .text.click_number_of_clicks_counted
                0x0000000000000000        0xc /Users/ben/pebble-dev/PebbleSDK-2.0-BETA4/Pebble/lib/libpebble.a(tmp9Q2g01pebble.o)
 .text.click_recognizer_get_button_id
                0x0000000000000000        0xc /Users/ben/pebble-dev/PebbleSDK-2.0-BETA4/Pebble/lib/libpebble.a(tmp9Q2g01pebble.o)
 .text.clock_copy_time_string
                0x0000000000000000        0xc /Users/ben/pebble-dev/PebbleSDK-2.0-BETA4/Pebble/lib/libpebble.a(tmp9Q2g01pebble.o)
 .text.clock_is_24h_style
                0x0000000000000000        0xc /Users/ben/pebble-dev/PebbleSDK-2.0-BETA4/Pebble/lib/libpebble.a(tmp9Q2g01pebble.o)
 .text.cos_lookup
                0x0000000000000000        0xc /Users/ben/pebble-dev/PebbleSDK-2.0-BETA4/Pebble/lib/libpebble.a(tmp9Q2g01pebble.o)
 .text.data_logging_create
                0x0000000000000000        0xc /Users/ben/pebble-dev/PebbleSDK-2.0-BETA4/Pebble/lib/libpebble.a(tmp9Q2g01pebble.o)
 .text.data_logging_finish
                0x0000000000000000        0xc /Users/ben/pebble-dev/PebbleSDK-2.0-BETA4/Pebble/lib/libpebble.a(tmp9Q2g01pebble.o)
 .text.data_logging_log
                0x0000000000000000        0xc /Users/ben/pebble-dev/PebbleSDK-2.0-BETA4/Pebble/lib/libpebble.a(tmp9Q2g01pebble.o)
 .text.dict_calc_buffer_size
                0x0000000000000000        0xc /Users/ben/pebble-dev/PebbleSDK-2.0-BETA4/Pebble/lib/libpebble.a(tmp9Q2g01pebble.o)
 .text.dict_calc_buffer_size_from_tuplets
                0x0000000000000000        0xc /Users/ben/pebble-dev/PebbleSDK-2.0-BETA4/Pebble/lib/libpebble.a(tmp9Q2g01pebble.o)
 .text.dict_find
                0x0000000000000000        0xc /Users/ben/pebble-dev/PebbleSDK-2.0-BETA4/Pebble/lib/libpebble.a(tmp9Q2g01pebble.o)
 .text.dict_merge
                0x0000000000000000        0xc /Users/ben/pebble-dev/PebbleSDK-2.0-BETA4/Pebble/lib/libpebble.a(tmp9Q2g01pebble.o)
 .text.dict_read_begin_from_buffer
                0x0000000000000000        0xc /Users/ben/pebble-dev/PebbleSDK-2.0-BETA4/Pebble/lib/libpebble.a(tmp9Q2g01pebble.o)
 .text.dict_read_first
                0x0000000000000000        0xc /Users/ben/pebble-dev/PebbleSDK-2.0-BETA4/Pebble/lib/libpebble.a(tmp9Q2g01pebble.o)
 .text.dict_read_next
                0x0000000000000000        0xc /Users/ben/pebble-dev/PebbleSDK-2.0-BETA4/Pebble/lib/libpebble.a(tmp9Q2g01pebble.o)
 .text.dict_serialize_tuplets
                0x0000000000000000        0xc /Users/ben/pebble-dev/PebbleSDK-2.0-BETA4/Pebble/lib/libpebble.a(tmp9Q2g01pebble.o)
 .text.dict_serialize_tuplets_to_buffer__deprecated
                0x0000000000000000        0xc /Users/ben/pebble-dev/PebbleSDK-2.0-BETA4/Pebble/lib/libpebble.a(tmp9Q2g01pebble.o)
 .text.dict_serialize_tuplets_to_buffer_with_iter
                0x0000000000000000        0xc /Users/ben/pebble-dev/PebbleSDK-2.0-BETA4/Pebble/lib/libpebble.a(tmp9Q2g01pebble.o)
 .text.dict_write_begin
                0x0000000000000000        0xc /Users/ben/pebble-dev/PebbleSDK-2.0-BETA4/Pebble/lib/libpebble.a(tmp9Q2g01pebble.o)
 .text.dict_write_cstring
                0x0000000000000000        0xc /Users/ben/pebble-dev/PebbleSDK-2.0-BETA4/Pebble/lib/libpebble.a(tmp9Q2g01pebble.o)
 .text.dict_write_data
                0x0000000000000000        0xc /Users/ben/pebble-dev/PebbleSDK-2.0-BETA4/Pebble/lib/libpebble.a(tmp9Q2g01pebble.o)
 .text.dict_write_int
                0x0000000000000000        0xc /Users/ben/pebble-dev/PebbleSDK-2.0-BETA4/Pebble/lib/libpebble.a(tmp9Q2g01pebble.o)
 .text.dict_write_int16
                0x0000000000000000        0xc /Users/ben/pebble-dev/PebbleSDK-2.0-BETA4/Pebble/lib/libpebble.a(tmp9Q2g01pebble.o)
 .text.dict_write_int32
                0x0000000000000000        0xc /Users/ben/pebble-dev/PebbleSDK-2.0-BETA4/Pebble/lib/libpebble.a(tmp9Q2g01pebble.o)
 .text.dict_write_int8
                0x0000000000000000        0xc /Users/ben/pebble-dev/PebbleSDK-2.0-BETA4/Pebble/lib/libpebble.a(tmp9Q2g01pebble.o)
 .text.dict_write_uint16
                0x0000000000000000        0xc /Users/ben/pebble-dev/PebbleSDK-2.0-BETA4/Pebble/lib/libpebble.a(tmp9Q2g01pebble.o)
 .text.dict_write_uint32
                0x0000000000000000        0xc /Users/ben/pebble-dev/PebbleSDK-2.0-BETA4/Pebble/lib/libpebble.a(tmp9Q2g01pebble.o)
 .text.dict_write_uint8
                0x0000000000000000        0xc /Users/ben/pebble-dev/PebbleSDK-2.0-BETA4/Pebble/lib/libpebble.a(tmp9Q2g01pebble.o)
 .text.fonts_load_custom_font
                0x0000000000000000        0xc /Users/ben/pebble-dev/PebbleSDK-2.0-BETA4/Pebble/lib/libpebble.a(tmp9Q2g01pebble.o)
 .text.fonts_unload_custom_font
                0x0000000000000000        0xc /Users/ben/pebble-dev/PebbleSDK-2.0-BETA4/Pebble/lib/libpebble.a(tmp9Q2g01pebble.o)
 .text.gbitmap_create_as_sub_bitmap
                0x0000000000000000        0xc /Users/ben/pebble-dev/PebbleSDK-2.0-BETA4/Pebble/lib/libpebble.a(tmp9Q2g01pebble.o)
 .text.gbitmap_create_with_data
                0x0000000000000000        0xc /Users/ben/pebble-dev/PebbleSDK-2.0-BETA4/Pebble/lib/libpebble.a(tmp9Q2g01pebble.o)
 .text.gbitmap_create_with_resource
                0x0000000000000000        0xc /Users/ben/pebble-dev/PebbleSDK-2.0-BETA4/Pebble/lib/libpebble.a(tmp9Q2g01pebble.o)
 .text.gbitmap_destroy
                0x0000000000000000        0xc /Users/ben/pebble-dev/PebbleSDK-2.0-BETA4/Pebble/lib/libpebble.a(tmp9Q2g01pebble.o)
 .text.gmtime   0x0000000000000000        0xc /Users/ben/pebble-dev/PebbleSDK-2.0-BETA4/Pebble/lib/libpebble.a(tmp9Q2g01pebble.o)
 .text.gpath_create
                0x0000000000000000        0xc /Users/ben/pebble-dev/PebbleSDK-2.0-BETA4/Pebble/lib/libpebble.a(tmp9Q2g01pebble.o)
 .text.gpath_destroy
                0x0000000000000000        0xc /Users/ben/pebble-dev/PebbleSDK-2.0-BETA4/Pebble/lib/libpebble.a(tmp9Q2g01pebble.o)
 .text.gpath_draw_filled
                0x0000000000000000        0xc /Users/ben/pebble-dev/PebbleSDK-2.0-BETA4/Pebble/lib/libpebble.a(tmp9Q2g01pebble.o)
 .text.gpath_draw_outline
                0x0000000000000000        0xc /Users/ben/pebble-dev/PebbleSDK-2.0-BETA4/Pebble/lib/libpebble.a(tmp9Q2g01pebble.o)
 .text.gpath_move_to
                0x0000000000000000        0xc /Users/ben/pebble-dev/PebbleSDK-2.0-BETA4/Pebble/lib/libpebble.a(tmp9Q2g01pebble.o)
 .text.gpath_rotate_to
                0x0000000000000000        0xc /Users/ben/pebble-dev/PebbleSDK-2.0-BETA4/Pebble/lib/libpebble.a(tmp9Q2g01pebble.o)
 .text.gpoint_equal
                0x0000000000000000        0xc /Users/ben/pebble-dev/PebbleSDK-2.0-BETA4/Pebble/lib/libpebble.a(tmp9Q2g01pebble.o)
 .text.graphics_context_set_compositing_mode
                0x0000000000000000        0xc /Users/ben/pebble-dev/PebbleSDK-2.0-BETA4/Pebble/lib/libpebble.a(tmp9Q2g01pebble.o)
 .text.graphics_context_set_text_color
                0x0000000000000000        0xc /Users/ben/pebble-dev/PebbleSDK-2.0-BETA4/Pebble/lib/libpebble.a(tmp9Q2g01pebble.o)
 .text.graphics_draw_bitmap_in_rect
                0x0000000000000000        0xc /Users/ben/pebble-dev/PebbleSDK-2.0-BETA4/Pebble/lib/libpebble.a(tmp9Q2g01pebble.o)
 .text.graphics_draw_circle
                0x0000000000000000        0xc /Users/ben/pebble-dev/PebbleSDK-2.0-BETA4/Pebble/lib/libpebble.a(tmp9Q2g01pebble.o)
 .text.graphics_draw_pixel
                0x0000000000000000        0xc /Users/ben/pebble-dev/PebbleSDK-2.0-BETA4/Pebble/lib/libpebble.a(tmp9Q2g01pebble.o)
 .text.graphics_draw_rect
                0x0000000000000000        0xc /Users/ben/pebble-dev/PebbleSDK-2.0-BETA4/Pebble/lib/libpebble.a(tmp9Q2g01pebble.o)
 .text.graphics_draw_round_rect
                0x0000000000000000        0xc /Users/ben/pebble-dev/PebbleSDK-2.0-BETA4/Pebble/lib/libpebble.a(tmp9Q2g01pebble.o)
 .text.graphics_fill_circle
                0x0000000000000000        0xc /Users/ben/pebble-dev/PebbleSDK-2.0-BETA4/Pebble/lib/libpebble.a(tmp9Q2g01pebble.o)
 .text.graphics_fill_rect
                0x0000000000000000        0xc /Users/ben/pebble-dev/PebbleSDK-2.0-BETA4/Pebble/lib/libpebble.a(tmp9Q2g01pebble.o)
 .text.graphics_text_layout_get_max_used_size
                0x0000000000000000        0xc /Users/ben/pebble-dev/PebbleSDK-2.0-BETA4/Pebble/lib/libpebble.a(tmp9Q2g01pebble.o)
 .text.grect_align
                0x0000000000000000        0xc /Users/ben/pebble-dev/PebbleSDK-2.0-BETA4/Pebble/lib/libpebble.a(tmp9Q2g01pebble.o)
 .text.grect_center_point
                0x0000000000000000        0xc /Users/ben/pebble-dev/PebbleSDK-2.0-BETA4/Pebble/lib/libpebble.a(tmp9Q2g01pebble.o)
 .text.grect_clip
                0x0000000000000000        0xc /Users/ben/pebble-dev/PebbleSDK-2.0-BETA4/Pebble/lib/libpebble.a(tmp9Q2g01pebble.o)
 .text.grect_contains_point
                0x0000000000000000        0xc /Users/ben/pebble-dev/PebbleSDK-2.0-BETA4/Pebble/lib/libpebble.a(tmp9Q2g01pebble.o)
 .text.grect_crop
                0x0000000000000000        0xc /Users/ben/pebble-dev/PebbleSDK-2.0-BETA4/Pebble/lib/libpebble.a(tmp9Q2g01pebble.o)
 .text.grect_equal
                0x0000000000000000        0xc /Users/ben/pebble-dev/PebbleSDK-2.0-BETA4/Pebble/lib/libpebble.a(tmp9Q2g01pebble.o)
 .text.grect_is_empty
                0x0000000000000000        0xc /Users/ben/pebble-dev/PebbleSDK-2.0-BETA4/Pebble/lib/libpebble.a(tmp9Q2g01pebble.o)
 .text.grect_standardize
                0x0000000000000000        0xc /Users/ben/pebble-dev/PebbleSDK-2.0-BETA4/Pebble/lib/libpebble.a(tmp9Q2g01pebble.o)
 .text.gsize_equal
                0x0000000000000000        0xc /Users/ben/pebble-dev/PebbleSDK-2.0-BETA4/Pebble/lib/libpebble.a(tmp9Q2g01pebble.o)
 .text.inverter_layer_create
                0x0000000000000000        0xc /Users/ben/pebble-dev/PebbleSDK-2.0-BETA4/Pebble/lib/libpebble.a(tmp9Q2g01pebble.o)
 .text.inverter_layer_destroy
                0x0000000000000000        0xc /Users/ben/pebble-dev/PebbleSDK-2.0-BETA4/Pebble/lib/libpebble.a(tmp9Q2g01pebble.o)
 .text.inverter_layer_get_layer
                0x0000000000000000        0xc /Users/ben/pebble-dev/PebbleSDK-2.0-BETA4/Pebble/lib/libpebble.a(tmp9Q2g01pebble.o)
 .text.layer_create_with_data
                0x0000000000000000        0xc /Users/ben/pebble-dev/PebbleSDK-2.0-BETA4/Pebble/lib/libpebble.a(tmp9Q2g01pebble.o)
 .text.layer_destroy
                0x0000000000000000        0xc /Users/ben/pebble-dev/PebbleSDK-2.0-BETA4/Pebble/lib/libpebble.a(tmp9Q2g01pebble.o)
 .text.layer_get_bounds
                0x0000000000000000        0xc /Users/ben/pebble-dev/PebbleSDK-2.0-BETA4/Pebble/lib/libpebble.a(tmp9Q2g01pebble.o)
 .text.layer_get_clips
                0x0000000000000000        0xc /Users/ben/pebble-dev/PebbleSDK-2.0-BETA4/Pebble/lib/libpebble.a(tmp9Q2g01pebble.o)
 .text.layer_get_data
                0x0000000000000000        0xc /Users/ben/pebble-dev/PebbleSDK-2.0-BETA4/Pebble/lib/libpebble.a(tmp9Q2g01pebble.o)
 .text.layer_get_frame
                0x0000000000000000        0xc /Users/ben/pebble-dev/PebbleSDK-2.0-BETA4/Pebble/lib/libpebble.a(tmp9Q2g01pebble.o)
 .text.layer_get_hidden
                0x0000000000000000        0xc /Users/ben/pebble-dev/PebbleSDK-2.0-BETA4/Pebble/lib/libpebble.a(tmp9Q2g01pebble.o)
 .text.layer_get_window
                0x0000000000000000        0xc /Users/ben/pebble-dev/PebbleSDK-2.0-BETA4/Pebble/lib/libpebble.a(tmp9Q2g01pebble.o)
 .text.layer_insert_above_sibling
                0x0000000000000000        0xc /Users/ben/pebble-dev/PebbleSDK-2.0-BETA4/Pebble/lib/libpebble.a(tmp9Q2g01pebble.o)
 .text.layer_insert_below_sibling
                0x0000000000000000        0xc /Users/ben/pebble-dev/PebbleSDK-2.0-BETA4/Pebble/lib/libpebble.a(tmp9Q2g01pebble.o)
 .text.layer_remove_child_layers
                0x0000000000000000        0xc /Users/ben/pebble-dev/PebbleSDK-2.0-BETA4/Pebble/lib/libpebble.a(tmp9Q2g01pebble.o)
 .text.layer_remove_from_parent
                0x0000000000000000        0xc /Users/ben/pebble-dev/PebbleSDK-2.0-BETA4/Pebble/lib/libpebble.a(tmp9Q2g01pebble.o)
 .text.layer_set_bounds
                0x0000000000000000        0xc /Users/ben/pebble-dev/PebbleSDK-2.0-BETA4/Pebble/lib/libpebble.a(tmp9Q2g01pebble.o)
 .text.layer_set_clips
                0x0000000000000000        0xc /Users/ben/pebble-dev/PebbleSDK-2.0-BETA4/Pebble/lib/libpebble.a(tmp9Q2g01pebble.o)
 .text.layer_set_frame
                0x0000000000000000        0xc /Users/ben/pebble-dev/PebbleSDK-2.0-BETA4/Pebble/lib/libpebble.a(tmp9Q2g01pebble.o)
 .text.layer_set_hidden
                0x0000000000000000        0xc /Users/ben/pebble-dev/PebbleSDK-2.0-BETA4/Pebble/lib/libpebble.a(tmp9Q2g01pebble.o)
 .text.light_enable
                0x0000000000000000        0xc /Users/ben/pebble-dev/PebbleSDK-2.0-BETA4/Pebble/lib/libpebble.a(tmp9Q2g01pebble.o)
 .text.light_enable_interaction
                0x0000000000000000        0xc /Users/ben/pebble-dev/PebbleSDK-2.0-BETA4/Pebble/lib/libpebble.a(tmp9Q2g01pebble.o)
 .text.localtime
                0x0000000000000000        0xc /Users/ben/pebble-dev/PebbleSDK-2.0-BETA4/Pebble/lib/libpebble.a(tmp9Q2g01pebble.o)
 .text.memcpy   0x0000000000000000        0xc /Users/ben/pebble-dev/PebbleSDK-2.0-BETA4/Pebble/lib/libpebble.a(tmp9Q2g01pebble.o)
 .text.memmove  0x0000000000000000        0xc /Users/ben/pebble-dev/PebbleSDK-2.0-BETA4/Pebble/lib/libpebble.a(tmp9Q2g01pebble.o)
 .text.menu_cell_basic_draw
                0x0000000000000000        0xc /Users/ben/pebble-dev/PebbleSDK-2.0-BETA4/Pebble/lib/libpebble.a(tmp9Q2g01pebble.o)
 .text.menu_cell_basic_header_draw
                0x0000000000000000        0xc /Users/ben/pebble-dev/PebbleSDK-2.0-BETA4/Pebble/lib/libpebble.a(tmp9Q2g01pebble.o)
 .text.menu_cell_title_draw
                0x0000000000000000        0xc /Users/ben/pebble-dev/PebbleSDK-2.0-BETA4/Pebble/lib/libpebble.a(tmp9Q2g01pebble.o)
 .text.menu_index_compare
                0x0000000000000000        0xc /Users/ben/pebble-dev/PebbleSDK-2.0-BETA4/Pebble/lib/libpebble.a(tmp9Q2g01pebble.o)
 .text.menu_layer_create
                0x0000000000000000        0xc /Users/ben/pebble-dev/PebbleSDK-2.0-BETA4/Pebble/lib/libpebble.a(tmp9Q2g01pebble.o)
 .text.menu_layer_destroy
                0x0000000000000000        0xc /Users/ben/pebble-dev/PebbleSDK-2.0-BETA4/Pebble/lib/libpebble.a(tmp9Q2g01pebble.o)
 .text.menu_layer_get_layer
                0x0000000000000000        0xc /Users/ben/pebble-dev/PebbleSDK-2.0-BETA4/Pebble/lib/libpebble.a(tmp9Q2g01pebble.o)
 .text.menu_layer_get_scroll_layer
                0x0000000000000000        0xc /Users/ben/pebble-dev/PebbleSDK-2.0-BETA4/Pebble/lib/libpebble.a(tmp9Q2g01pebble.o)
 .text.menu_layer_get_selected_index
                0x0000000000000000        0xc /Users/ben/pebble-dev/PebbleSDK-2.0-BETA4/Pebble/lib/libpebble.a(tmp9Q2g01pebble.o)
 .text.menu_layer_reload_data
                0x0000000000000000        0xc /Users/ben/pebble-dev/PebbleSDK-2.0-BETA4/Pebble/lib/libpebble.a(tmp9Q2g01pebble.o)
 .text.menu_layer_set_callbacks
                0x0000000000000000        0xc /Users/ben/pebble-dev/PebbleSDK-2.0-BETA4/Pebble/lib/libpebble.a(tmp9Q2g01pebble.o)
 .text.menu_layer_set_click_config_onto_window
                0x0000000000000000        0xc /Users/ben/pebble-dev/PebbleSDK-2.0-BETA4/Pebble/lib/libpebble.a(tmp9Q2g01pebble.o)
 .text.menu_layer_set_selected_index
                0x0000000000000000        0xc /Users/ben/pebble-dev/PebbleSDK-2.0-BETA4/Pebble/lib/libpebble.a(tmp9Q2g01pebble.o)
 .text.menu_layer_set_selected_next
                0x0000000000000000        0xc /Users/ben/pebble-dev/PebbleSDK-2.0-BETA4/Pebble/lib/libpebble.a(tmp9Q2g01pebble.o)
 .text.number_window_create
                0x0000000000000000        0xc /Users/ben/pebble-dev/PebbleSDK-2.0-BETA4/Pebble/lib/libpebble.a(tmp9Q2g01pebble.o)
 .text.number_window_destroy
                0x0000000000000000        0xc /Users/ben/pebble-dev/PebbleSDK-2.0-BETA4/Pebble/lib/libpebble.a(tmp9Q2g01pebble.o)
 .text.number_window_get_value
                0x0000000000000000        0xc /Users/ben/pebble-dev/PebbleSDK-2.0-BETA4/Pebble/lib/libpebble.a(tmp9Q2g01pebble.o)
 .text.number_window_set_label
                0x0000000000000000        0xc /Users/ben/pebble-dev/PebbleSDK-2.0-BETA4/Pebble/lib/libpebble.a(tmp9Q2g01pebble.o)
 .text.number_window_set_max
                0x0000000000000000        0xc /Users/ben/pebble-dev/PebbleSDK-2.0-BETA4/Pebble/lib/libpebble.a(tmp9Q2g01pebble.o)
 .text.number_window_set_min
                0x0000000000000000        0xc /Users/ben/pebble-dev/PebbleSDK-2.0-BETA4/Pebble/lib/libpebble.a(tmp9Q2g01pebble.o)
 .text.number_window_set_step_size
                0x0000000000000000        0xc /Users/ben/pebble-dev/PebbleSDK-2.0-BETA4/Pebble/lib/libpebble.a(tmp9Q2g01pebble.o)
 .text.number_window_set_value
                0x0000000000000000        0xc /Users/ben/pebble-dev/PebbleSDK-2.0-BETA4/Pebble/lib/libpebble.a(tmp9Q2g01pebble.o)
 .text.persist_delete
                0x0000000000000000        0xc /Users/ben/pebble-dev/PebbleSDK-2.0-BETA4/Pebble/lib/libpebble.a(tmp9Q2g01pebble.o)
 .text.persist_exists
                0x0000000000000000        0xc /Users/ben/pebble-dev/PebbleSDK-2.0-BETA4/Pebble/lib/libpebble.a(tmp9Q2g01pebble.o)
 .text.persist_get_size
                0x0000000000000000        0xc /Users/ben/pebble-dev/PebbleSDK-2.0-BETA4/Pebble/lib/libpebble.a(tmp9Q2g01pebble.o)
 .text.persist_read_bool
                0x0000000000000000        0xc /Users/ben/pebble-dev/PebbleSDK-2.0-BETA4/Pebble/lib/libpebble.a(tmp9Q2g01pebble.o)
 .text.persist_read_data__deprecated
                0x0000000000000000        0xc /Users/ben/pebble-dev/PebbleSDK-2.0-BETA4/Pebble/lib/libpebble.a(tmp9Q2g01pebble.o)
 .text.persist_read_int
                0x0000000000000000        0xc /Users/ben/pebble-dev/PebbleSDK-2.0-BETA4/Pebble/lib/libpebble.a(tmp9Q2g01pebble.o)
 .text.persist_read_string__deprecated
                0x0000000000000000        0xc /Users/ben/pebble-dev/PebbleSDK-2.0-BETA4/Pebble/lib/libpebble.a(tmp9Q2g01pebble.o)
 .text.persist_write_bool
                0x0000000000000000        0xc /Users/ben/pebble-dev/PebbleSDK-2.0-BETA4/Pebble/lib/libpebble.a(tmp9Q2g01pebble.o)
 .text.persist_write_data__deprecated
                0x0000000000000000        0xc /Users/ben/pebble-dev/PebbleSDK-2.0-BETA4/Pebble/lib/libpebble.a(tmp9Q2g01pebble.o)
 .text.persist_write_int
                0x0000000000000000        0xc /Users/ben/pebble-dev/PebbleSDK-2.0-BETA4/Pebble/lib/libpebble.a(tmp9Q2g01pebble.o)
 .text.persist_write_string
                0x0000000000000000        0xc /Users/ben/pebble-dev/PebbleSDK-2.0-BETA4/Pebble/lib/libpebble.a(tmp9Q2g01pebble.o)
 .text.property_animation_create
                0x0000000000000000        0xc /Users/ben/pebble-dev/PebbleSDK-2.0-BETA4/Pebble/lib/libpebble.a(tmp9Q2g01pebble.o)
 .text.property_animation_create_layer_frame
                0x0000000000000000        0xc /Users/ben/pebble-dev/PebbleSDK-2.0-BETA4/Pebble/lib/libpebble.a(tmp9Q2g01pebble.o)
 .text.property_animation_destroy
                0x0000000000000000        0xc /Users/ben/pebble-dev/PebbleSDK-2.0-BETA4/Pebble/lib/libpebble.a(tmp9Q2g01pebble.o)
 .text.property_animation_update_gpoint
                0x0000000000000000        0xc /Users/ben/pebble-dev/PebbleSDK-2.0-BETA4/Pebble/lib/libpebble.a(tmp9Q2g01pebble.o)
 .text.property_animation_update_grect
                0x0000000000000000        0xc /Users/ben/pebble-dev/PebbleSDK-2.0-BETA4/Pebble/lib/libpebble.a(tmp9Q2g01pebble.o)
 .text.property_animation_update_int16
                0x0000000000000000        0xc /Users/ben/pebble-dev/PebbleSDK-2.0-BETA4/Pebble/lib/libpebble.a(tmp9Q2g01pebble.o)
 .text.psleep   0x0000000000000000        0xc /Users/ben/pebble-dev/PebbleSDK-2.0-BETA4/Pebble/lib/libpebble.a(tmp9Q2g01pebble.o)
 .text.rand     0x0000000000000000        0xc /Users/ben/pebble-dev/PebbleSDK-2.0-BETA4/Pebble/lib/libpebble.a(tmp9Q2g01pebble.o)
 .text.resource_get_handle
                0x0000000000000000        0xc /Users/ben/pebble-dev/PebbleSDK-2.0-BETA4/Pebble/lib/libpebble.a(tmp9Q2g01pebble.o)
 .text.resource_load
                0x0000000000000000        0xc /Users/ben/pebble-dev/PebbleSDK-2.0-BETA4/Pebble/lib/libpebble.a(tmp9Q2g01pebble.o)
 .text.resource_load_byte_range
                0x0000000000000000        0xc /Users/ben/pebble-dev/PebbleSDK-2.0-BETA4/Pebble/lib/libpebble.a(tmp9Q2g01pebble.o)
 .text.resource_size
                0x0000000000000000        0xc /Users/ben/pebble-dev/PebbleSDK-2.0-BETA4/Pebble/lib/libpebble.a(tmp9Q2g01pebble.o)
 .text.rot_bitmap_layer_create
                0x0000000000000000        0xc /Users/ben/pebble-dev/PebbleSDK-2.0-BETA4/Pebble/lib/libpebble.a(tmp9Q2g01pebble.o)
 .text.rot_bitmap_layer_destroy
                0x0000000000000000        0xc /Users/ben/pebble-dev/PebbleSDK-2.0-BETA4/Pebble/lib/libpebble.a(tmp9Q2g01pebble.o)
 .text.rot_bitmap_layer_increment_angle
                0x0000000000000000        0xc /Users/ben/pebble-dev/PebbleSDK-2.0-BETA4/Pebble/lib/libpebble.a(tmp9Q2g01pebble.o)
 .text.rot_bitmap_layer_set_angle
                0x0000000000000000        0xc /Users/ben/pebble-dev/PebbleSDK-2.0-BETA4/Pebble/lib/libpebble.a(tmp9Q2g01pebble.o)
 .text.rot_bitmap_layer_set_corner_clip_color
                0x0000000000000000        0xc /Users/ben/pebble-dev/PebbleSDK-2.0-BETA4/Pebble/lib/libpebble.a(tmp9Q2g01pebble.o)
 .text.rot_bitmap_set_compositing_mode
                0x0000000000000000        0xc /Users/ben/pebble-dev/PebbleSDK-2.0-BETA4/Pebble/lib/libpebble.a(tmp9Q2g01pebble.o)
 .text.rot_bitmap_set_src_ic
                0x0000000000000000        0xc /Users/ben/pebble-dev/PebbleSDK-2.0-BETA4/Pebble/lib/libpebble.a(tmp9Q2g01pebble.o)
 .text.scroll_layer_add_child
                0x0000000000000000        0xc /Users/ben/pebble-dev/PebbleSDK-2.0-BETA4/Pebble/lib/libpebble.a(tmp9Q2g01pebble.o)
 .text.scroll_layer_create
                0x0000000000000000        0xc /Users/ben/pebble-dev/PebbleSDK-2.0-BETA4/Pebble/lib/libpebble.a(tmp9Q2g01pebble.o)
 .text.scroll_layer_destroy
                0x0000000000000000        0xc /Users/ben/pebble-dev/PebbleSDK-2.0-BETA4/Pebble/lib/libpebble.a(tmp9Q2g01pebble.o)
 .text.scroll_layer_get_content_offset
                0x0000000000000000        0xc /Users/ben/pebble-dev/PebbleSDK-2.0-BETA4/Pebble/lib/libpebble.a(tmp9Q2g01pebble.o)
 .text.scroll_layer_get_content_size
                0x0000000000000000        0xc /Users/ben/pebble-dev/PebbleSDK-2.0-BETA4/Pebble/lib/libpebble.a(tmp9Q2g01pebble.o)
 .text.scroll_layer_get_layer
                0x0000000000000000        0xc /Users/ben/pebble-dev/PebbleSDK-2.0-BETA4/Pebble/lib/libpebble.a(tmp9Q2g01pebble.o)
 .text.scroll_layer_get_shadow_hidden
                0x0000000000000000        0xc /Users/ben/pebble-dev/PebbleSDK-2.0-BETA4/Pebble/lib/libpebble.a(tmp9Q2g01pebble.o)
 .text.scroll_layer_scroll_down_click_handler
                0x0000000000000000        0xc /Users/ben/pebble-dev/PebbleSDK-2.0-BETA4/Pebble/lib/libpebble.a(tmp9Q2g01pebble.o)
 .text.scroll_layer_scroll_up_click_handler
                0x0000000000000000        0xc /Users/ben/pebble-dev/PebbleSDK-2.0-BETA4/Pebble/lib/libpebble.a(tmp9Q2g01pebble.o)
 .text.scroll_layer_set_callbacks
                0x0000000000000000        0xc /Users/ben/pebble-dev/PebbleSDK-2.0-BETA4/Pebble/lib/libpebble.a(tmp9Q2g01pebble.o)
 .text.scroll_layer_set_click_config_onto_window
                0x0000000000000000        0xc /Users/ben/pebble-dev/PebbleSDK-2.0-BETA4/Pebble/lib/libpebble.a(tmp9Q2g01pebble.o)
 .text.scroll_layer_set_content_offset
                0x0000000000000000        0xc /Users/ben/pebble-dev/PebbleSDK-2.0-BETA4/Pebble/lib/libpebble.a(tmp9Q2g01pebble.o)
 .text.scroll_layer_set_content_size
                0x0000000000000000        0xc /Users/ben/pebble-dev/PebbleSDK-2.0-BETA4/Pebble/lib/libpebble.a(tmp9Q2g01pebble.o)
 .text.scroll_layer_set_context
                0x0000000000000000        0xc /Users/ben/pebble-dev/PebbleSDK-2.0-BETA4/Pebble/lib/libpebble.a(tmp9Q2g01pebble.o)
 .text.scroll_layer_set_frame
                0x0000000000000000        0xc /Users/ben/pebble-dev/PebbleSDK-2.0-BETA4/Pebble/lib/libpebble.a(tmp9Q2g01pebble.o)
 .text.scroll_layer_set_shadow_hidden
                0x0000000000000000        0xc /Users/ben/pebble-dev/PebbleSDK-2.0-BETA4/Pebble/lib/libpebble.a(tmp9Q2g01pebble.o)
 .text.simple_menu_layer_create
                0x0000000000000000        0xc /Users/ben/pebble-dev/PebbleSDK-2.0-BETA4/Pebble/lib/libpebble.a(tmp9Q2g01pebble.o)
 .text.simple_menu_layer_destroy
                0x0000000000000000        0xc /Users/ben/pebble-dev/PebbleSDK-2.0-BETA4/Pebble/lib/libpebble.a(tmp9Q2g01pebble.o)
 .text.simple_menu_layer_get_layer
                0x0000000000000000        0xc /Users/ben/pebble-dev/PebbleSDK-2.0-BETA4/Pebble/lib/libpebble.a(tmp9Q2g01pebble.o)
 .text.simple_menu_layer_get_selected_index
                0x0000000000000000        0xc /Users/ben/pebble-dev/PebbleSDK-2.0-BETA4/Pebble/lib/libpebble.a(tmp9Q2g01pebble.o)
 .text.simple_menu_layer_set_selected_index
                0x0000000000000000        0xc /Users/ben/pebble-dev/PebbleSDK-2.0-BETA4/Pebble/lib/libpebble.a(tmp9Q2g01pebble.o)
 .text.srand    0x0000000000000000        0xc /Users/ben/pebble-dev/PebbleSDK-2.0-BETA4/Pebble/lib/libpebble.a(tmp9Q2g01pebble.o)
 .text.strcat   0x0000000000000000        0xc /Users/ben/pebble-dev/PebbleSDK-2.0-BETA4/Pebble/lib/libpebble.a(tmp9Q2g01pebble.o)
 .text.strcmp   0x0000000000000000        0xc /Users/ben/pebble-dev/PebbleSDK-2.0-BETA4/Pebble/lib/libpebble.a(tmp9Q2g01pebble.o)
 .text.strftime
                0x0000000000000000        0xc /Users/ben/pebble-dev/PebbleSDK-2.0-BETA4/Pebble/lib/libpebble.a(tmp9Q2g01pebble.o)
 .text.strlen   0x0000000000000000        0xc /Users/ben/pebble-dev/PebbleSDK-2.0-BETA4/Pebble/lib/libpebble.a(tmp9Q2g01pebble.o)
 .text.strncat  0x0000000000000000        0xc /Users/ben/pebble-dev/PebbleSDK-2.0-BETA4/Pebble/lib/libpebble.a(tmp9Q2g01pebble.o)
 .text.strncmp  0x0000000000000000        0xc /Users/ben/pebble-dev/PebbleSDK-2.0-BETA4/Pebble/lib/libpebble.a(tmp9Q2g01pebble.o)
 .text.strncpy  0x0000000000000000        0xc /Users/ben/pebble-dev/PebbleSDK-2.0-BETA4/Pebble/lib/libpebble.a(tmp9Q2g01pebble.o)
 .text.text_layer_get_content_size
                0x0000000000000000        0xc /Users/ben/pebble-dev/PebbleSDK-2.0-BETA4/Pebble/lib/libpebble.a(tmp9Q2g01pebble.o)
 .text.text_layer_get_text
                0x0000000000000000        0xc /Users/ben/pebble-dev/PebbleSDK-2.0-BETA4/Pebble/lib/libpebble.a(tmp9Q2g01pebble.o)
 .text.text_layer_set_overflow_mode
                0x0000000000000000        0xc /Users/ben/pebble-dev/PebbleSDK-2.0-BETA4/Pebble/lib/libpebble.a(tmp9Q2g01pebble.o)
 .text.text_layer_set_size
                0x0000000000000000        0xc /Users/ben/pebble-dev/PebbleSDK-2.0-BETA4/Pebble/lib/libpebble.a(tmp9Q2g01pebble.o)
 .text.tick_timer_service_subscribe
                0x0000000000000000        0xc /Users/ben/pebble-dev/PebbleSDK-2.0-BETA4/Pebble/lib/libpebble.a(tmp9Q2g01pebble.o)
 .text.tick_timer_service_unsubscribe
                0x0000000000000000        0xc /Users/ben/pebble-dev/PebbleSDK-2.0-BETA4/Pebble/lib/libpebble.a(tmp9Q2g01pebble.o)
 .text.time_ms  0x0000000000000000        0xc /Users/ben/pebble-dev/PebbleSDK-2.0-BETA4/Pebble/lib/libpebble.a(tmp9Q2g01pebble.o)
 .text.vibes_cancel
                0x0000000000000000        0xc /Users/ben/pebble-dev/PebbleSDK-2.0-BETA4/Pebble/lib/libpebble.a(tmp9Q2g01pebble.o)
 .text.vibes_double_pulse
                0x0000000000000000        0xc /Users/ben/pebble-dev/PebbleSDK-2.0-BETA4/Pebble/lib/libpebble.a(tmp9Q2g01pebble.o)
 .text.vibes_enqueue_custom_pattern
                0x0000000000000000        0xc /Users/ben/pebble-dev/PebbleSDK-2.0-BETA4/Pebble/lib/libpebble.a(tmp9Q2g01pebble.o)
 .text.vibes_long_pulse
                0x0000000000000000        0xc /Users/ben/pebble-dev/PebbleSDK-2.0-BETA4/Pebble/lib/libpebble.a(tmp9Q2g01pebble.o)
 .text.vibes_short_pulse
                0x0000000000000000        0xc /Users/ben/pebble-dev/PebbleSDK-2.0-BETA4/Pebble/lib/libpebble.a(tmp9Q2g01pebble.o)
 .text.window_get_click_config_provider
                0x0000000000000000        0xc /Users/ben/pebble-dev/PebbleSDK-2.0-BETA4/Pebble/lib/libpebble.a(tmp9Q2g01pebble.o)
 .text.window_get_fullscreen
                0x0000000000000000        0xc /Users/ben/pebble-dev/PebbleSDK-2.0-BETA4/Pebble/lib/libpebble.a(tmp9Q2g01pebble.o)
 .text.window_is_loaded
                0x0000000000000000        0xc /Users/ben/pebble-dev/PebbleSDK-2.0-BETA4/Pebble/lib/libpebble.a(tmp9Q2g01pebble.o)
 .text.window_set_click_config_provider
                0x0000000000000000        0xc /Users/ben/pebble-dev/PebbleSDK-2.0-BETA4/Pebble/lib/libpebble.a(tmp9Q2g01pebble.o)
 .text.window_set_click_config_provider_with_context
                0x0000000000000000        0xc /Users/ben/pebble-dev/PebbleSDK-2.0-BETA4/Pebble/lib/libpebble.a(tmp9Q2g01pebble.o)
 .text.window_set_status_bar_icon
                0x0000000000000000        0xc /Users/ben/pebble-dev/PebbleSDK-2.0-BETA4/Pebble/lib/libpebble.a(tmp9Q2g01pebble.o)
 .text.window_stack_contains_window
                0x0000000000000000        0xc /Users/ben/pebble-dev/PebbleSDK-2.0-BETA4/Pebble/lib/libpebble.a(tmp9Q2g01pebble.o)
 .text.window_stack_get_top_window
                0x0000000000000000        0xc /Users/ben/pebble-dev/PebbleSDK-2.0-BETA4/Pebble/lib/libpebble.a(tmp9Q2g01pebble.o)
 .text.window_stack_pop
                0x0000000000000000        0xc /Users/ben/pebble-dev/PebbleSDK-2.0-BETA4/Pebble/lib/libpebble.a(tmp9Q2g01pebble.o)
 .text.window_stack_pop_all
                0x0000000000000000        0xc /Users/ben/pebble-dev/PebbleSDK-2.0-BETA4/Pebble/lib/libpebble.a(tmp9Q2g01pebble.o)
 .text.window_stack_remove
                0x0000000000000000        0xc /Users/ben/pebble-dev/PebbleSDK-2.0-BETA4/Pebble/lib/libpebble.a(tmp9Q2g01pebble.o)
 .text.app_focus_service_subscribe
                0x0000000000000000        0xc /Users/ben/pebble-dev/PebbleSDK-2.0-BETA4/Pebble/lib/libpebble.a(tmp9Q2g01pebble.o)
 .text.app_focus_service_unsubscribe
                0x0000000000000000        0xc /Users/ben/pebble-dev/PebbleSDK-2.0-BETA4/Pebble/lib/libpebble.a(tmp9Q2g01pebble.o)
 .text.window_get_user_data
                0x0000000000000000        0xc /Users/ben/pebble-dev/PebbleSDK-2.0-BETA4/Pebble/lib/libpebble.a(tmp9Q2g01pebble.o)
 .text.window_set_user_data
                0x0000000000000000        0xc /Users/ben/pebble-dev/PebbleSDK-2.0-BETA4/Pebble/lib/libpebble.a(tmp9Q2g01pebble.o)
 .text.app_message_get_context
                0x0000000000000000        0xc /Users/ben/pebble-dev/PebbleSDK-2.0-BETA4/Pebble/lib/libpebble.a(tmp9Q2g01pebble.o)
 .text.app_message_inbox_size_maximum
                0x0000000000000000        0xc /Users/ben/pebble-dev/PebbleSDK-2.0-BETA4/Pebble/lib/libpebble.a(tmp9Q2g01pebble.o)
 .text.app_message_outbox_size_maximum
                0x0000000000000000        0xc /Users/ben/pebble-dev/PebbleSDK-2.0-BETA4/Pebble/lib/libpebble.a(tmp9Q2g01pebble.o)
 .text.app_message_register_inbox_dropped
                0x0000000000000000        0xc /Users/ben/pebble-dev/PebbleSDK-2.0-BETA4/Pebble/lib/libpebble.a(tmp9Q2g01pebble.o)
 .text.app_message_register_inbox_received
                0x0000000000000000        0xc /Users/ben/pebble-dev/PebbleSDK-2.0-BETA4/Pebble/lib/libpebble.a(tmp9Q2g01pebble.o)
 .text.app_message_register_outbox_failed
                0x0000000000000000        0xc /Users/ben/pebble-dev/PebbleSDK-2.0-BETA4/Pebble/lib/libpebble.a(tmp9Q2g01pebble.o)
 .text.app_message_register_outbox_sent
                0x0000000000000000        0xc /Users/ben/pebble-dev/PebbleSDK-2.0-BETA4/Pebble/lib/libpebble.a(tmp9Q2g01pebble.o)
 .text.app_message_set_context
                0x0000000000000000        0xc /Users/ben/pebble-dev/PebbleSDK-2.0-BETA4/Pebble/lib/libpebble.a(tmp9Q2g01pebble.o)
 .text.window_long_click_subscribe
                0x0000000000000000        0xc /Users/ben/pebble-dev/PebbleSDK-2.0-BETA4/Pebble/lib/libpebble.a(tmp9Q2g01pebble.o)
 .text.window_multi_click_subscribe
                0x0000000000000000        0xc /Users/ben/pebble-dev/PebbleSDK-2.0-BETA4/Pebble/lib/libpebble.a(tmp9Q2g01pebble.o)
 .text.window_raw_click_subscribe
                0x0000000000000000        0xc /Users/ben/pebble-dev/PebbleSDK-2.0-BETA4/Pebble/lib/libpebble.a(tmp9Q2g01pebble.o)
 .text.window_set_click_context
                0x0000000000000000        0xc /Users/ben/pebble-dev/PebbleSDK-2.0-BETA4/Pebble/lib/libpebble.a(tmp9Q2g01pebble.o)
 .text.window_single_click_subscribe
                0x0000000000000000        0xc /Users/ben/pebble-dev/PebbleSDK-2.0-BETA4/Pebble/lib/libpebble.a(tmp9Q2g01pebble.o)
 .text.window_single_repeating_click_subscribe
                0x0000000000000000        0xc /Users/ben/pebble-dev/PebbleSDK-2.0-BETA4/Pebble/lib/libpebble.a(tmp9Q2g01pebble.o)
 .text.graphics_draw_text
                0x0000000000000000        0xc /Users/ben/pebble-dev/PebbleSDK-2.0-BETA4/Pebble/lib/libpebble.a(tmp9Q2g01pebble.o)
 .text.dict_serialize_tuplets_to_buffer
                0x0000000000000000        0xc /Users/ben/pebble-dev/PebbleSDK-2.0-BETA4/Pebble/lib/libpebble.a(tmp9Q2g01pebble.o)
 .text.persist_read_data
                0x0000000000000000        0xc /Users/ben/pebble-dev/PebbleSDK-2.0-BETA4/Pebble/lib/libpebble.a(tmp9Q2g01pebble.o)
 .text.persist_read_string
                0x0000000000000000        0xc /Users/ben/pebble-dev/PebbleSDK-2.0-BETA4/Pebble/lib/libpebble.a(tmp9Q2g01pebble.o)
 .text.persist_write_data
                0x0000000000000000        0xc /Users/ben/pebble-dev/PebbleSDK-2.0-BETA4/Pebble/lib/libpebble.a(tmp9Q2g01pebble.o)
 .text.dict_size
                0x0000000000000000        0xc /Users/ben/pebble-dev/PebbleSDK-2.0-BETA4/Pebble/lib/libpebble.a(tmp9Q2g01pebble.o)
 .text.graphics_text_layout_get_content_size
                0x0000000000000000        0xc /Users/ben/pebble-dev/PebbleSDK-2.0-BETA4/Pebble/lib/libpebble.a(tmp9Q2g01pebble.o)
 .text.simple_menu_layer_get_menu_layer
                0x0000000000000000        0xc /Users/ben/pebble-dev/PebbleSDK-2.0-BETA4/Pebble/lib/libpebble.a(tmp9Q2g01pebble.o)
 .text.accel_data_service_subscribe
                0x0000000000000000        0xc /Users/ben/pebble-dev/PebbleSDK-2.0-BETA4/Pebble/lib/libpebble.a(tmp9Q2g01pebble.o)
 .text.calloc   0x0000000000000000        0xc /Users/ben/pebble-dev/PebbleSDK-2.0-BETA4/Pebble/lib/libpebble.a(tmp9Q2g01pebble.o)
 .bss           0x0000000000000000        0x0 /Users/ben/pebble-dev/arm-cs-tools/bin/../lib/gcc/arm-none-eabi/4.6.3/thumb2/libgcc.a(_arm_addsubdf3.o)
 .bss           0x0000000000000000        0x0 /Users/ben/pebble-dev/arm-cs-tools/bin/../lib/gcc/arm-none-eabi/4.6.3/thumb2/libgcc.a(_arm_muldivdf3.o)
 .bss           0x0000000000000000        0x0 /Users/ben/pebble-dev/arm-cs-tools/bin/../lib/gcc/arm-none-eabi/4.6.3/thumb2/libgcc.a(_arm_fixdfsi.o)
 .text          0x0000000000000000        0x0 /Users/ben/pebble-dev/arm-cs-tools/bin/../lib/gcc/arm-none-eabi/4.6.3/thumb2/crtend.o
 .bss           0x0000000000000000        0x0 /Users/ben/pebble-dev/arm-cs-tools/bin/../lib/gcc/arm-none-eabi/4.6.3/thumb2/crtend.o
 .eh_frame      0x0000000000000000        0x4 /Users/ben/pebble-dev/arm-cs-tools/bin/../lib/gcc/arm-none-eabi/4.6.3/thumb2/crtend.o
 .jcr           0x0000000000000000        0x4 /Users/ben/pebble-dev/arm-cs-tools/bin/../lib/gcc/arm-none-eabi/4.6.3/thumb2/crtend.o
 .text          0x0000000000000000        0x0 /Users/ben/pebble-dev/arm-cs-tools/bin/../lib/gcc/arm-none-eabi/4.6.3/thumb2/crtn.o
 .bss           0x0000000000000000        0x0 /Users/ben/pebble-dev/arm-cs-tools/bin/../lib/gcc/arm-none-eabi/4.6.3/thumb2/crtn.o
 .init          0x0000000000000000        0x8 /Users/ben/pebble-dev/arm-cs-tools/bin/../lib/gcc/arm-none-eabi/4.6.3/thumb2/crtn.o
 .fini          0x0000000000000000        0x8 /Users/ben/pebble-dev/arm-cs-tools/bin/../lib/gcc/arm-none-eabi/4.6.3/thumb2/crtn.o

Memory Configuration

Name             Origin             Length             Attributes
APP              0x0000000000000000 0x0000000000006000 xrw
*default*        0x0000000000000000 0xffffffffffffffff

Linker script and memory map

LOAD /Users/ben/pebble-dev/arm-cs-tools/bin/../lib/gcc/arm-none-eabi/4.6.3/thumb2/crti.o
LOAD /Users/ben/pebble-dev/arm-cs-tools/bin/../lib/gcc/arm-none-eabi/4.6.3/thumb2/crtbegin.o
LOAD src/weather.c.7.o
LOAD appinfo.auto.c.7.o
LOAD /Users/ben/pebble-dev/PebbleSDK-2.0-BETA4/Pebble/lib/libpebble.a
START GROUP
LOAD /Users/ben/pebble-dev/arm-cs-tools/bin/../lib/gcc/arm-none-eabi/4.6.3/thumb2/libgcc.a
LOAD /Users/ben/pebble-dev/arm-cs-tools/bin/../lib/gcc/arm-none-eabi/4.6.3/../../../../arm-none-eabi/lib/thumb2/libc.a
END GROUP
LOAD /Users/ben/pebble-dev/arm-cs-tools/bin/../lib/gcc/arm-none-eabi/4.6.3/thumb2/crtend.o
LOAD /Users/ben/pebble-dev/arm-cs-tools/bin/../lib/gcc/arm-none-eabi/4.6.3/thumb2/crtn.o

.header         0x0000000000000000       0x82
 *(.pbl_header)
 .pbl_header    0x0000000000000000       0x82 appinfo.auto.c.7.o
                0x0000000000000000                __pbl_app_info

.text           0x0000000000000084     0x1014
 *(.text)
 .text          0x0000000000000084       0x14 /Users/ben/pebble-dev/PebbleSDK-2.0-BETA4/Pebble/lib/libpebble.a(tmp9Q2g01pebble.o)
 .text          0x0000000000000098      0x370 /Users/ben/pebble-dev/arm-cs-tools/bin/../lib/gcc/arm-none-eabi/4.6.3/thumb2/libgcc.a(_arm_addsubdf3.o)
                0x0000000000000098                __aeabi_drsub
                0x00000000000000a0                __subdf3
                0x00000000000000a0                __aeabi_dsub
                0x00000000000000a4                __aeabi_dadd
                0x00000000000000a4                __adddf3
                0x000000000000031c                __aeabi_ui2d
                0x000000000000031c                __floatunsidf
                0x000000000000033c                __floatsidf
                0x000000000000033c                __aeabi_i2d
                0x0000000000000360                __extendsfdf2
                0x0000000000000360                __aeabi_f2d
                0x000000000000039c                __aeabi_ul2d
                0x000000000000039c                __floatundidf
                0x00000000000003ac                __aeabi_l2d
                0x00000000000003ac                __floatdidf
 .text          0x0000000000000408      0x424 /Users/ben/pebble-dev/arm-cs-tools/bin/../lib/gcc/arm-none-eabi/4.6.3/thumb2/libgcc.a(_arm_muldivdf3.o)
                0x0000000000000408                __aeabi_dmul
                0x0000000000000408                __muldf3
                0x000000000000065c                __aeabi_ddiv
                0x000000000000065c                __divdf3
 .text          0x000000000000082c       0x50 /Users/ben/pebble-dev/arm-cs-tools/bin/../lib/gcc/arm-none-eabi/4.6.3/thumb2/libgcc.a(_arm_fixdfsi.o)
                0x000000000000082c                __fixdfsi
                0x000000000000082c                __aeabi_d2iz
 *(.text.*)
 .text.window_unload
                0x000000000000087c       0x3c src/weather.c.7.o
 .text.window_load
                0x00000000000008b8      0x1d0 src/weather.c.7.o
 .text.sync_error_callback
                0x0000000000000a88       0x20 src/weather.c.7.o
 .text.sync_tuple_changed_callback
                0x0000000000000aa8      0x198 src/weather.c.7.o
 .text.line_layer_update_callback
                0x0000000000000c40       0xd0 src/weather.c.7.o
                0x0000000000000c40                line_layer_update_callback
 .text.startup.main
                0x0000000000000d10       0x70 src/weather.c.7.o
                0x0000000000000d10                main
 .text.app_event_loop
                0x0000000000000d80        0xc /Users/ben/pebble-dev/PebbleSDK-2.0-BETA4/Pebble/lib/libpebble.a(tmp9Q2g01pebble.o)
                0x0000000000000d80                app_event_loop
 .text.app_log  0x0000000000000d8c        0xc /Users/ben/pebble-dev/PebbleSDK-2.0-BETA4/Pebble/lib/libpebble.a(tmp9Q2g01pebble.o)
                0x0000000000000d8c                app_log
 .text.app_message_open
                0x0000000000000d98        0xc /Users/ben/pebble-dev/PebbleSDK-2.0-BETA4/Pebble/lib/libpebble.a(tmp9Q2g01pebble.o)
                0x0000000000000d98                app_message_open
 .text.app_sync_deinit
                0x0000000000000da4        0xc /Users/ben/pebble-dev/PebbleSDK-2.0-BETA4/Pebble/lib/libpebble.a(tmp9Q2g01pebble.o)
                0x0000000000000da4                app_sync_deinit
 .text.app_sync_init
                0x0000000000000db0        0xc /Users/ben/pebble-dev/PebbleSDK-2.0-BETA4/Pebble/lib/libpebble.a(tmp9Q2g01pebble.o)
                0x0000000000000db0                app_sync_init
 .text.atoi     0x0000000000000dbc        0xc /Users/ben/pebble-dev/PebbleSDK-2.0-BETA4/Pebble/lib/libpebble.a(tmp9Q2g01pebble.o)
                0x0000000000000dbc                atoi
 .text.bitmap_layer_create
                0x0000000000000dc8        0xc /Users/ben/pebble-dev/PebbleSDK-2.0-BETA4/Pebble/lib/libpebble.a(tmp9Q2g01pebble.o)
                0x0000000000000dc8                bitmap_layer_create
 .text.bitmap_layer_destroy
                0x0000000000000dd4        0xc /Users/ben/pebble-dev/PebbleSDK-2.0-BETA4/Pebble/lib/libpebble.a(tmp9Q2g01pebble.o)
                0x0000000000000dd4                bitmap_layer_destroy
 .text.bitmap_layer_get_layer
                0x0000000000000de0        0xc /Users/ben/pebble-dev/PebbleSDK-2.0-BETA4/Pebble/lib/libpebble.a(tmp9Q2g01pebble.o)
                0x0000000000000de0                bitmap_layer_get_layer
 .text.dict_write_end
                0x0000000000000dec        0xc /Users/ben/pebble-dev/PebbleSDK-2.0-BETA4/Pebble/lib/libpebble.a(tmp9Q2g01pebble.o)
                0x0000000000000dec                dict_write_end
 .text.dict_write_tuplet
                0x0000000000000df8        0xc /Users/ben/pebble-dev/PebbleSDK-2.0-BETA4/Pebble/lib/libpebble.a(tmp9Q2g01pebble.o)
                0x0000000000000df8                dict_write_tuplet
 .text.fonts_get_system_font
                0x0000000000000e04        0xc /Users/ben/pebble-dev/PebbleSDK-2.0-BETA4/Pebble/lib/libpebble.a(tmp9Q2g01pebble.o)
                0x0000000000000e04                fonts_get_system_font
 .text.free     0x0000000000000e10        0xc /Users/ben/pebble-dev/PebbleSDK-2.0-BETA4/Pebble/lib/libpebble.a(tmp9Q2g01pebble.o)
                0x0000000000000e10                free
 .text.graphics_context_set_fill_color
                0x0000000000000e1c        0xc /Users/ben/pebble-dev/PebbleSDK-2.0-BETA4/Pebble/lib/libpebble.a(tmp9Q2g01pebble.o)
                0x0000000000000e1c                graphics_context_set_fill_color
 .text.graphics_context_set_stroke_color
                0x0000000000000e28        0xc /Users/ben/pebble-dev/PebbleSDK-2.0-BETA4/Pebble/lib/libpebble.a(tmp9Q2g01pebble.o)
                0x0000000000000e28                graphics_context_set_stroke_color
 .text.graphics_draw_line
                0x0000000000000e34        0xc /Users/ben/pebble-dev/PebbleSDK-2.0-BETA4/Pebble/lib/libpebble.a(tmp9Q2g01pebble.o)
                0x0000000000000e34                graphics_draw_line
 .text.layer_add_child
                0x0000000000000e40        0xc /Users/ben/pebble-dev/PebbleSDK-2.0-BETA4/Pebble/lib/libpebble.a(tmp9Q2g01pebble.o)
                0x0000000000000e40                layer_add_child
 .text.layer_create
                0x0000000000000e4c        0xc /Users/ben/pebble-dev/PebbleSDK-2.0-BETA4/Pebble/lib/libpebble.a(tmp9Q2g01pebble.o)
                0x0000000000000e4c                layer_create
 .text.layer_mark_dirty
                0x0000000000000e58        0xc /Users/ben/pebble-dev/PebbleSDK-2.0-BETA4/Pebble/lib/libpebble.a(tmp9Q2g01pebble.o)
                0x0000000000000e58                layer_mark_dirty
 .text.layer_set_update_proc
                0x0000000000000e64        0xc /Users/ben/pebble-dev/PebbleSDK-2.0-BETA4/Pebble/lib/libpebble.a(tmp9Q2g01pebble.o)
                0x0000000000000e64                layer_set_update_proc
 .text.malloc   0x0000000000000e70        0xc /Users/ben/pebble-dev/PebbleSDK-2.0-BETA4/Pebble/lib/libpebble.a(tmp9Q2g01pebble.o)
                0x0000000000000e70                malloc
 .text.memset   0x0000000000000e7c        0xc /Users/ben/pebble-dev/PebbleSDK-2.0-BETA4/Pebble/lib/libpebble.a(tmp9Q2g01pebble.o)
                0x0000000000000e7c                memset
 .text.sin_lookup
                0x0000000000000e88        0xc /Users/ben/pebble-dev/PebbleSDK-2.0-BETA4/Pebble/lib/libpebble.a(tmp9Q2g01pebble.o)
                0x0000000000000e88                sin_lookup
 .text.snprintf
                0x0000000000000e94        0xc /Users/ben/pebble-dev/PebbleSDK-2.0-BETA4/Pebble/lib/libpebble.a(tmp9Q2g01pebble.o)
                0x0000000000000e94                snprintf
 .text.strcpy   0x0000000000000ea0        0xc /Users/ben/pebble-dev/PebbleSDK-2.0-BETA4/Pebble/lib/libpebble.a(tmp9Q2g01pebble.o)
                0x0000000000000ea0                strcpy
 .text.text_layer_create
                0x0000000000000eac        0xc /Users/ben/pebble-dev/PebbleSDK-2.0-BETA4/Pebble/lib/libpebble.a(tmp9Q2g01pebble.o)
                0x0000000000000eac                text_layer_create
 .text.text_layer_destroy
                0x0000000000000eb8        0xc /Users/ben/pebble-dev/PebbleSDK-2.0-BETA4/Pebble/lib/libpebble.a(tmp9Q2g01pebble.o)
                0x0000000000000eb8                text_layer_destroy
 .text.text_layer_get_layer
                0x0000000000000ec4        0xc /Users/ben/pebble-dev/PebbleSDK-2.0-BETA4/Pebble/lib/libpebble.a(tmp9Q2g01pebble.o)
                0x0000000000000ec4                text_layer_get_layer
 .text.text_layer_set_background_color
                0x0000000000000ed0        0xc /Users/ben/pebble-dev/PebbleSDK-2.0-BETA4/Pebble/lib/libpebble.a(tmp9Q2g01pebble.o)
                0x0000000000000ed0                text_layer_set_background_color
 .text.text_layer_set_font
                0x0000000000000edc        0xc /Users/ben/pebble-dev/PebbleSDK-2.0-BETA4/Pebble/lib/libpebble.a(tmp9Q2g01pebble.o)
                0x0000000000000edc                text_layer_set_font
 .text.text_layer_set_text
                0x0000000000000ee8        0xc /Users/ben/pebble-dev/PebbleSDK-2.0-BETA4/Pebble/lib/libpebble.a(tmp9Q2g01pebble.o)
                0x0000000000000ee8                text_layer_set_text
 .text.text_layer_set_text_alignment
                0x0000000000000ef4        0xc /Users/ben/pebble-dev/PebbleSDK-2.0-BETA4/Pebble/lib/libpebble.a(tmp9Q2g01pebble.o)
                0x0000000000000ef4                text_layer_set_text_alignment
 .text.text_layer_set_text_color
                0x0000000000000f00        0xc /Users/ben/pebble-dev/PebbleSDK-2.0-BETA4/Pebble/lib/libpebble.a(tmp9Q2g01pebble.o)
                0x0000000000000f00                text_layer_set_text_color
 .text.time     0x0000000000000f0c        0xc /Users/ben/pebble-dev/PebbleSDK-2.0-BETA4/Pebble/lib/libpebble.a(tmp9Q2g01pebble.o)
                0x0000000000000f0c                time
 .text.window_create
                0x0000000000000f18        0xc /Users/ben/pebble-dev/PebbleSDK-2.0-BETA4/Pebble/lib/libpebble.a(tmp9Q2g01pebble.o)
                0x0000000000000f18                window_create
 .text.window_destroy
                0x0000000000000f24        0xc /Users/ben/pebble-dev/PebbleSDK-2.0-BETA4/Pebble/lib/libpebble.a(tmp9Q2g01pebble.o)
                0x0000000000000f24                window_destroy
 .text.window_get_root_layer
                0x0000000000000f30        0xc /Users/ben/pebble-dev/PebbleSDK-2.0-BETA4/Pebble/lib/libpebble.a(tmp9Q2g01pebble.o)
                0x0000000000000f30                window_get_root_layer
 .text.window_set_background_color
                0x0000000000000f3c        0xc /Users/ben/pebble-dev/PebbleSDK-2.0-BETA4/Pebble/lib/libpebble.a(tmp9Q2g01pebble.o)
                0x0000000000000f3c                window_set_background_color
 .text.window_set_fullscreen
                0x0000000000000f48        0xc /Users/ben/pebble-dev/PebbleSDK-2.0-BETA4/Pebble/lib/libpebble.a(tmp9Q2g01pebble.o)
                0x0000000000000f48                window_set_fullscreen
 .text.window_set_window_handlers
                0x0000000000000f54        0xc /Users/ben/pebble-dev/PebbleSDK-2.0-BETA4/Pebble/lib/libpebble.a(tmp9Q2g01pebble.o)
                0x0000000000000f54                window_set_window_handlers
 .text.window_stack_push
                0x0000000000000f60        0xc /Users/ben/pebble-dev/PebbleSDK-2.0-BETA4/Pebble/lib/libpebble.a(tmp9Q2g01pebble.o)
                0x0000000000000f60                window_stack_push
 .text.app_message_outbox_begin
                0x0000000000000f6c        0xc /Users/ben/pebble-dev/PebbleSDK-2.0-BETA4/Pebble/lib/libpebble.a(tmp9Q2g01pebble.o)
                0x0000000000000f6c                app_message_outbox_begin
 .text.app_message_outbox_send
                0x0000000000000f78        0xc /Users/ben/pebble-dev/PebbleSDK-2.0-BETA4/Pebble/lib/libpebble.a(tmp9Q2g01pebble.o)
                0x0000000000000f78                app_message_outbox_send
 *(.rodata)
 .rodata        0x0000000000000f84       0x20 src/weather.c.7.o
 *(.rodata*)
 .rodata.str1.1
                0x0000000000000fa4       0xf4 src/weather.c.7.o
                                        0x107 (size before relaxing)

.glue_7         0x0000000000001098        0x0
 .glue_7        0x0000000000000000        0x0 linker stubs

.glue_7t        0x0000000000001098        0x0
 .glue_7t       0x0000000000000000        0x0 linker stubs

.vfp11_veneer   0x0000000000001098        0x0
 .vfp11_veneer  0x0000000000000000        0x0 linker stubs

.v4_bx          0x0000000000001098        0x0
 .v4_bx         0x0000000000000000        0x0 linker stubs

.iplt           0x0000000000001098        0x0
 .iplt          0x0000000000000000        0x0 /Users/ben/pebble-dev/arm-cs-tools/bin/../lib/gcc/arm-none-eabi/4.6.3/thumb2/crti.o

.rel.dyn        0x0000000000001098        0x0
 .rel.iplt      0x0000000000000000        0x0 /Users/ben/pebble-dev/arm-cs-tools/bin/../lib/gcc/arm-none-eabi/4.6.3/thumb2/crti.o
 .rel.got       0x0000000000000000        0x0 /Users/ben/pebble-dev/arm-cs-tools/bin/../lib/gcc/arm-none-eabi/4.6.3/thumb2/crti.o

.data           0x0000000000001098        0x4
 *(.data)
 .data          0x0000000000001098        0x0 /Users/ben/pebble-dev/arm-cs-tools/bin/../lib/gcc/arm-none-eabi/4.6.3/thumb2/crti.o
 .data          0x0000000000001098        0x4 /Users/ben/pebble-dev/arm-cs-tools/bin/../lib/gcc/arm-none-eabi/4.6.3/thumb2/crtbegin.o
                0x0000000000001098                __dso_handle
 .data          0x000000000000109c        0x0 src/weather.c.7.o
 .data          0x000000000000109c        0x0 appinfo.auto.c.7.o
 .data          0x000000000000109c        0x0 /Users/ben/pebble-dev/PebbleSDK-2.0-BETA4/Pebble/lib/libpebble.a(tmp9Q2g01pebble.o)
 .data          0x000000000000109c        0x0 /Users/ben/pebble-dev/arm-cs-tools/bin/../lib/gcc/arm-none-eabi/4.6.3/thumb2/libgcc.a(_arm_addsubdf3.o)
 .data          0x000000000000109c        0x0 /Users/ben/pebble-dev/arm-cs-tools/bin/../lib/gcc/arm-none-eabi/4.6.3/thumb2/libgcc.a(_arm_muldivdf3.o)
 .data          0x000000000000109c        0x0 /Users/ben/pebble-dev/arm-cs-tools/bin/../lib/gcc/arm-none-eabi/4.6.3/thumb2/libgcc.a(_arm_fixdfsi.o)
 .data          0x000000000000109c        0x0 /Users/ben/pebble-dev/arm-cs-tools/bin/../lib/gcc/arm-none-eabi/4.6.3/thumb2/crtend.o
 .data          0x000000000000109c        0x0 /Users/ben/pebble-dev/arm-cs-tools/bin/../lib/gcc/arm-none-eabi/4.6.3/thumb2/crtn.o
 *(.data.*)

.igot.plt       0x000000000000109c        0x0
 .igot.plt      0x0000000000000000        0x0 /Users/ben/pebble-dev/arm-cs-tools/bin/../lib/gcc/arm-none-eabi/4.6.3/thumb2/crti.o

.got            0x000000000000109c        0x8
 .got           0x000000000000109c        0x8 /Users/ben/pebble-dev/arm-cs-tools/bin/../lib/gcc/arm-none-eabi/4.6.3/thumb2/crti.o

.got.plt        0x00000000000010a4        0xc
 .got.plt       0x00000000000010a4        0xc /Users/ben/pebble-dev/arm-cs-tools/bin/../lib/gcc/arm-none-eabi/4.6.3/thumb2/crti.o
                0x00000000000010a4                _GLOBAL_OFFSET_TABLE_

.bss            0x00000000000010b0       0xd0
 *(.bss)
 *(.bss.*)
 .bss.icon_layer
                0x00000000000010b0        0x4 src/weather.c.7.o
 .bss.window    0x00000000000010b4        0x4 src/weather.c.7.o
 .bss.temperature_layer
                0x00000000000010b8        0x4 src/weather.c.7.o
 .bss.bufferPos
                0x00000000000010bc        0x1 src/weather.c.7.o
 *fill*         0x00000000000010bd        0x3 00
 .bss.sync      0x00000000000010c0       0x20 src/weather.c.7.o
 .bss.line_layer
                0x00000000000010e0        0x4 src/weather.c.7.o
 .bss.sync_buffer
                0x00000000000010e4       0x78 src/weather.c.7.o
 .bss.city_layer
                0x000000000000115c        0x4 src/weather.c.7.o
 COMMON         0x0000000000001160       0x20 src/weather.c.7.o
                0x0000000000001160                timeArr
                0x0000000000001170                heightArr

DISCARD
 libc.a(*)
 libm.a(*)
 libgcc.a(*)
 *(.eh_frame)
OUTPUT(/Users/ben/pebble-dev/PebbleSDK-2.0-BETA4/Examples/pebblekit-js/TideWatchJS/build/pebble-app.elf elf32-littlearm)

.ARM.attributes
                0x0000000000000000       0x27
 .ARM.attributes
                0x0000000000000000       0x1b /Users/ben/pebble-dev/arm-cs-tools/bin/../lib/gcc/arm-none-eabi/4.6.3/thumb2/crti.o
 .ARM.attributes
                0x000000000000001b       0x2b /Users/ben/pebble-dev/arm-cs-tools/bin/../lib/gcc/arm-none-eabi/4.6.3/thumb2/crtbegin.o
 .ARM.attributes
                0x0000000000000046       0x33 src/weather.c.7.o
 .ARM.attributes
                0x0000000000000079       0x33 appinfo.auto.c.7.o
 .ARM.attributes
                0x00000000000000ac       0x21 /Users/ben/pebble-dev/PebbleSDK-2.0-BETA4/Pebble/lib/libpebble.a(tmp9Q2g01pebble.o)
 .ARM.attributes
                0x00000000000000cd       0x1b /Users/ben/pebble-dev/arm-cs-tools/bin/../lib/gcc/arm-none-eabi/4.6.3/thumb2/libgcc.a(_arm_addsubdf3.o)
 .ARM.attributes
                0x00000000000000e8       0x1b /Users/ben/pebble-dev/arm-cs-tools/bin/../lib/gcc/arm-none-eabi/4.6.3/thumb2/libgcc.a(_arm_muldivdf3.o)
 .ARM.attributes
                0x0000000000000103       0x1b /Users/ben/pebble-dev/arm-cs-tools/bin/../lib/gcc/arm-none-eabi/4.6.3/thumb2/libgcc.a(_arm_fixdfsi.o)
 .ARM.attributes
                0x000000000000011e       0x2b /Users/ben/pebble-dev/arm-cs-tools/bin/../lib/gcc/arm-none-eabi/4.6.3/thumb2/crtend.o
 .ARM.attributes
                0x0000000000000149       0x1b /Users/ben/pebble-dev/arm-cs-tools/bin/../lib/gcc/arm-none-eabi/4.6.3/thumb2/crtn.o

.comment        0x0000000000000000       0x4e
 .comment       0x0000000000000000       0x4e /Users/ben/pebble-dev/arm-cs-tools/bin/../lib/gcc/arm-none-eabi/4.6.3/thumb2/crtbegin.o
                                         0x4f (size before relaxing)
 .comment       0x0000000000000000       0x4f src/weather.c.7.o
 .comment       0x0000000000000000       0x4f appinfo.auto.c.7.o
 .comment       0x0000000000000000       0x4f /Users/ben/pebble-dev/arm-cs-tools/bin/../lib/gcc/arm-none-eabi/4.6.3/thumb2/crtend.o

.debug_line     0x0000000000000000      0x92f
 .debug_line    0x0000000000000000       0x71 /Users/ben/pebble-dev/arm-cs-tools/bin/../lib/gcc/arm-none-eabi/4.6.3/thumb2/crti.o
 .debug_line    0x0000000000000071      0x26f src/weather.c.7.o
 .debug_line    0x00000000000002e0      0x10c appinfo.auto.c.7.o
 .debug_line    0x00000000000003ec      0x212 /Users/ben/pebble-dev/arm-cs-tools/bin/../lib/gcc/arm-none-eabi/4.6.3/thumb2/libgcc.a(_arm_addsubdf3.o)
 .debug_line    0x00000000000005fe      0x22f /Users/ben/pebble-dev/arm-cs-tools/bin/../lib/gcc/arm-none-eabi/4.6.3/thumb2/libgcc.a(_arm_muldivdf3.o)
 .debug_line    0x000000000000082d       0x8d /Users/ben/pebble-dev/arm-cs-tools/bin/../lib/gcc/arm-none-eabi/4.6.3/thumb2/libgcc.a(_arm_fixdfsi.o)
 .debug_line    0x00000000000008ba       0x75 /Users/ben/pebble-dev/arm-cs-tools/bin/../lib/gcc/arm-none-eabi/4.6.3/thumb2/crtn.o

.debug_info     0x0000000000000000     0x1350
 .debug_info    0x0000000000000000       0xb2 /Users/ben/pebble-dev/arm-cs-tools/bin/../lib/gcc/arm-none-eabi/4.6.3/thumb2/crti.o
 .debug_info    0x00000000000000b2      0xc20 src/weather.c.7.o
 .debug_info    0x0000000000000cd2      0x326 appinfo.auto.c.7.o
 .debug_info    0x0000000000000ff8       0xe2 /Users/ben/pebble-dev/arm-cs-tools/bin/../lib/gcc/arm-none-eabi/4.6.3/thumb2/libgcc.a(_arm_addsubdf3.o)
 .debug_info    0x00000000000010da       0xe2 /Users/ben/pebble-dev/arm-cs-tools/bin/../lib/gcc/arm-none-eabi/4.6.3/thumb2/libgcc.a(_arm_muldivdf3.o)
 .debug_info    0x00000000000011bc       0xe2 /Users/ben/pebble-dev/arm-cs-tools/bin/../lib/gcc/arm-none-eabi/4.6.3/thumb2/libgcc.a(_arm_fixdfsi.o)
 .debug_info    0x000000000000129e       0xb2 /Users/ben/pebble-dev/arm-cs-tools/bin/../lib/gcc/arm-none-eabi/4.6.3/thumb2/crtn.o

.debug_abbrev   0x0000000000000000      0x3ae
 .debug_abbrev  0x0000000000000000       0x12 /Users/ben/pebble-dev/arm-cs-tools/bin/../lib/gcc/arm-none-eabi/4.6.3/thumb2/crti.o
 .debug_abbrev  0x0000000000000012      0x296 src/weather.c.7.o
 .debug_abbrev  0x00000000000002a8       0xb8 appinfo.auto.c.7.o
 .debug_abbrev  0x0000000000000360       0x14 /Users/ben/pebble-dev/arm-cs-tools/bin/../lib/gcc/arm-none-eabi/4.6.3/thumb2/libgcc.a(_arm_addsubdf3.o)
 .debug_abbrev  0x0000000000000374       0x14 /Users/ben/pebble-dev/arm-cs-tools/bin/../lib/gcc/arm-none-eabi/4.6.3/thumb2/libgcc.a(_arm_muldivdf3.o)
 .debug_abbrev  0x0000000000000388       0x14 /Users/ben/pebble-dev/arm-cs-tools/bin/../lib/gcc/arm-none-eabi/4.6.3/thumb2/libgcc.a(_arm_fixdfsi.o)
 .debug_abbrev  0x000000000000039c       0x12 /Users/ben/pebble-dev/arm-cs-tools/bin/../lib/gcc/arm-none-eabi/4.6.3/thumb2/crtn.o

.debug_aranges  0x0000000000000000       0xf8
 .debug_aranges
                0x0000000000000000       0x28 /Users/ben/pebble-dev/arm-cs-tools/bin/../lib/gcc/arm-none-eabi/4.6.3/thumb2/crti.o
 .debug_aranges
                0x0000000000000028       0x48 src/weather.c.7.o
 .debug_aranges
                0x0000000000000070       0x20 /Users/ben/pebble-dev/arm-cs-tools/bin/../lib/gcc/arm-none-eabi/4.6.3/thumb2/libgcc.a(_arm_addsubdf3.o)
 .debug_aranges
                0x0000000000000090       0x20 /Users/ben/pebble-dev/arm-cs-tools/bin/../lib/gcc/arm-none-eabi/4.6.3/thumb2/libgcc.a(_arm_muldivdf3.o)
 .debug_aranges
                0x00000000000000b0       0x20 /Users/ben/pebble-dev/arm-cs-tools/bin/../lib/gcc/arm-none-eabi/4.6.3/thumb2/libgcc.a(_arm_fixdfsi.o)
 .debug_aranges
                0x00000000000000d0       0x28 /Users/ben/pebble-dev/arm-cs-tools/bin/../lib/gcc/arm-none-eabi/4.6.3/thumb2/crtn.o

.debug_ranges   0x0000000000000000       0x98
 .debug_ranges  0x0000000000000000       0x20 /Users/ben/pebble-dev/arm-cs-tools/bin/../lib/gcc/arm-none-eabi/4.6.3/thumb2/crti.o
 .debug_ranges  0x0000000000000020       0x58 src/weather.c.7.o
 .debug_ranges  0x0000000000000078       0x20 /Users/ben/pebble-dev/arm-cs-tools/bin/../lib/gcc/arm-none-eabi/4.6.3/thumb2/crtn.o

.debug_loc      0x0000000000000000      0x302
 .debug_loc     0x0000000000000000      0x302 src/weather.c.7.o

.debug_str      0x0000000000000000      0x917
 .debug_str     0x0000000000000000      0x79e src/weather.c.7.o
                                        0x856 (size before relaxing)
 .debug_str     0x000000000000079e      0x179 appinfo.auto.c.7.o
                                        0x299 (size before relaxing)

.debug_frame    0x0000000000000000       0xcc
 .debug_frame   0x0000000000000000       0xcc src/weather.c.7.o
